// Jest Snapshot v1, https://goo.gl/fbAQLP

exports[`Image Detail Screen should render image detail screen correctly 1`] = `null`;
